[36mvite v5.4.21 [32mbuilding for production...[36m[39m
transforming...
[32mΓ£ô[39m 99 modules transformed.
node.exe : [31mx[39m 
Build failed in 1.29s
At line:1 char:1
+ & "C:\Program 
Files\nodejs/node.exe" 
"C:\Program 
Files\nodejs/node_mo ...
+ ~~~~~~~~~~~~~~~~~~~~~~~~~
~~~~~~~~~~~~~~~~~~~~~~~~~~~
~~~~~~~~~~~~~~~~~
    + CategoryInfo         
     : NotSpecified: ([3  
  1mx[39m Build failed    
 in 1.29s:String) [], R    
emoteException
    + FullyQualifiedErrorI 
   d : NativeCommandError
 
[31merror during build:
[31m[vite:terser] terser 
not found. Since Vite v3, 
terser has become an 
optional dependency. You 
need to install it.[31m
    at loadTerserPath (file
:///D:/CraftLens%20AI/front
end/node_modules/vite/dist/
node/chunks/dep-BK3b2jBa.js
:19705:13)
    at Object.renderChunk (
file:///D:/CraftLens%20AI/f
rontend/node_modules/vite/d
ist/node/chunks/dep-BK3b2jB
a.js:19740:27)
    at file:///D:/CraftLens
%20AI/frontend/node_modules
/rollup/dist/es/shared/node
-entry.js:22571:40
    at process.processTicks
AndRejections (node:interna
l/process/task_queues:103:5
)[39m
